// Jest Snapshot v1, https://goo.gl/fbAQLP

exports[`Placeholder Component renders with correct Labelan 1`] = `
<div
  style={
    Object {
      "color": "red",
    }
  }
>
  My Label Text
</div>
`;
